

================================================================
== Vitis HLS Report for 'stream_matmul'
================================================================
* Date:           Tue May 12 13:33:22 2026

* Version:        2025.1 (Build 6135595 on May 21 2025)
* Project:        stream_matmul
* Solution:       hls (Vivado IP Flow Target)
* Product family: zynq
* Target device:  xc7z010-clg400-1


================================================================
== Performance Estimates
================================================================
+ Timing: 
    * Summary: 
    +--------+----------+----------+------------+
    |  Clock |  Target  | Estimated| Uncertainty|
    +--------+----------+----------+------------+
    |ap_clk  |  10.00 ns|  7.256 ns|     2.70 ns|
    +--------+----------+----------+------------+

+ Latency: 
    * Summary: 
    +---------+---------+----------+----------+-------+-------+---------+
    |  Latency (cycles) |  Latency (absolute) |    Interval   | Pipeline|
    |   min   |   max   |    min   |    max   |  min  |  max  |   Type  |
    +---------+---------+----------+----------+-------+-------+---------+
    |    88667|    88667|  0.887 ms|  0.887 ms|  88668|  88668|       no|
    +---------+---------+----------+----------+-------+-------+---------+

    + Detail: 
        * Instance: 
        N/A

        * Loop: 
        +-------------------+---------+---------+----------+-----------+-----------+------+----------+
        |                   |  Latency (cycles) | Iteration|  Initiation Interval  | Trip |          |
        |     Loop Name     |   min   |   max   |  Latency |  achieved |   target  | Count| Pipelined|
        +-------------------+---------+---------+----------+-----------+-----------+------+----------+
        |- VITIS_LOOP_63_3  |    88144|    88144|     22036|          -|          -|     4|        no|
        +-------------------+---------+---------+----------+-----------+-----------+------+----------+

============================================================
+ Verbose Summary: Synthesis Manager
============================================================
InlineROM: 1
ExposeGlobal: 0
============================================================
+ Verbose Summary: CDFG Model
============================================================
IsTopModel: 1
ResetActiveHigh: 1
IsCombinational: 0
IsDatapathOnly: 0
HasWiredReturn: 1
HasMFsm: 0
HasVarLatency: 1
IsPipeline: 0
IsRtlPipelined: 0
IsInstanceOverlapped: 0
IsDontTouch: 0
HasImplIP: 0
IsGatedGlobalClock: 0


============================================================
+ Verbose Summary: Schedule
============================================================
* Number of FSM states : 10
* Pipeline : 0
* Dataflow Pipeline: 0

* FSM state transitions: 
1 --> 2 
2 --> 3 
3 --> 4 9 
4 --> 5 
5 --> 6 
6 --> 7 
7 --> 8 
8 --> 3 
9 --> 10 
10 --> 

* FSM state operations: 

State 1 <SV = 0> <Delay = 1.58>
ST_1 : Operation 11 [1/1] (0.00ns)   --->   "%kk = alloca i32 1" [../stream_matmul.cpp:52]   --->   Operation 11 'alloca' 'kk' <Predicate = true> <Delay = 0.00>
ST_1 : Operation 12 [1/1] (0.00ns)   --->   "%A = alloca i64 1" [../stream_matmul.cpp:45]   --->   Operation 12 'alloca' 'A' <Predicate = true> <Delay = 0.00>
ST_1 : Operation 13 [1/1] (0.00ns)   --->   "%A_1 = alloca i64 1" [../stream_matmul.cpp:45]   --->   Operation 13 'alloca' 'A_1' <Predicate = true> <Delay = 0.00>
ST_1 : Operation 14 [1/1] (0.00ns)   --->   "%A_2 = alloca i64 1" [../stream_matmul.cpp:45]   --->   Operation 14 'alloca' 'A_2' <Predicate = true> <Delay = 0.00>
ST_1 : Operation 15 [1/1] (0.00ns)   --->   "%A_3 = alloca i64 1" [../stream_matmul.cpp:45]   --->   Operation 15 'alloca' 'A_3' <Predicate = true> <Delay = 0.00>
ST_1 : Operation 16 [1/1] (0.00ns)   --->   "%B = alloca i64 1" [../stream_matmul.cpp:46]   --->   Operation 16 'alloca' 'B' <Predicate = true> <Delay = 0.00>
ST_1 : Operation 17 [1/1] (0.00ns)   --->   "%B_1 = alloca i64 1" [../stream_matmul.cpp:46]   --->   Operation 17 'alloca' 'B_1' <Predicate = true> <Delay = 0.00>
ST_1 : Operation 18 [1/1] (0.00ns)   --->   "%B_2 = alloca i64 1" [../stream_matmul.cpp:46]   --->   Operation 18 'alloca' 'B_2' <Predicate = true> <Delay = 0.00>
ST_1 : Operation 19 [1/1] (0.00ns)   --->   "%B_3 = alloca i64 1" [../stream_matmul.cpp:46]   --->   Operation 19 'alloca' 'B_3' <Predicate = true> <Delay = 0.00>
ST_1 : Operation 20 [1/1] (0.00ns)   --->   "%C = alloca i64 1" [../stream_matmul.cpp:47]   --->   Operation 20 'alloca' 'C' <Predicate = true> <Delay = 0.00>
ST_1 : Operation 21 [2/2] (0.00ns)   --->   "%call_ln0 = call void @stream_matmul_Pipeline_VITIS_LOOP_55_1_VITIS_LOOP_56_2, i32 %C"   --->   Operation 21 'call' 'call_ln0' <Predicate = true> <Delay = 0.00> <CoreType = "Generic">   --->   Generic Core
ST_1 : Operation 22 [1/1] (1.58ns)   --->   "%store_ln52 = store i3 0, i3 %kk" [../stream_matmul.cpp:52]   --->   Operation 22 'store' 'store_ln52' <Predicate = true> <Delay = 1.58>

State 2 <SV = 1> <Delay = 0.00>
ST_2 : Operation 23 [1/1] (0.00ns)   --->   "%spectopmodule_ln38 = spectopmodule void @_ssdm_op_SpecTopModule, void @empty_6" [../stream_matmul.cpp:38]   --->   Operation 23 'spectopmodule' 'spectopmodule_ln38' <Predicate = true> <Delay = 0.00>
ST_2 : Operation 24 [1/1] (0.00ns)   --->   "%specinterface_ln0 = specinterface void @_ssdm_op_SpecInterface, i32 %in_stream_V_data_V, i4 %in_stream_V_keep_V, i4 %in_stream_V_strb_V, i1 %in_stream_V_last_V, void @empty, i32 1, i32 1, void @empty_0, i32 0, i32 0, void @empty_1, void @empty_1, void @empty_1, i32 0, i32 0, i32 0, i32 0, void @empty_1, void @empty_1, i32 4294967295, i32 0, i32 0"   --->   Operation 24 'specinterface' 'specinterface_ln0' <Predicate = true> <Delay = 0.00>
ST_2 : Operation 25 [1/1] (0.00ns)   --->   "%specbitsmap_ln0 = specbitsmap void @_ssdm_op_SpecBitsMap, i32 %in_stream_V_data_V"   --->   Operation 25 'specbitsmap' 'specbitsmap_ln0' <Predicate = true> <Delay = 0.00>
ST_2 : Operation 26 [1/1] (0.00ns)   --->   "%specbitsmap_ln0 = specbitsmap void @_ssdm_op_SpecBitsMap, i4 %in_stream_V_keep_V"   --->   Operation 26 'specbitsmap' 'specbitsmap_ln0' <Predicate = true> <Delay = 0.00>
ST_2 : Operation 27 [1/1] (0.00ns)   --->   "%specbitsmap_ln0 = specbitsmap void @_ssdm_op_SpecBitsMap, i4 %in_stream_V_strb_V"   --->   Operation 27 'specbitsmap' 'specbitsmap_ln0' <Predicate = true> <Delay = 0.00>
ST_2 : Operation 28 [1/1] (0.00ns)   --->   "%specbitsmap_ln0 = specbitsmap void @_ssdm_op_SpecBitsMap, i1 %in_stream_V_last_V"   --->   Operation 28 'specbitsmap' 'specbitsmap_ln0' <Predicate = true> <Delay = 0.00>
ST_2 : Operation 29 [1/1] (0.00ns)   --->   "%specinterface_ln0 = specinterface void @_ssdm_op_SpecInterface, i32 %out_stream_V_data_V, i4 %out_stream_V_keep_V, i4 %out_stream_V_strb_V, i1 %out_stream_V_last_V, void @empty, i32 1, i32 1, void @empty_0, i32 0, i32 0, void @empty_1, void @empty_1, void @empty_1, i32 0, i32 0, i32 0, i32 0, void @empty_1, void @empty_1, i32 4294967295, i32 0, i32 0"   --->   Operation 29 'specinterface' 'specinterface_ln0' <Predicate = true> <Delay = 0.00>
ST_2 : Operation 30 [1/1] (0.00ns)   --->   "%specbitsmap_ln0 = specbitsmap void @_ssdm_op_SpecBitsMap, i32 %out_stream_V_data_V"   --->   Operation 30 'specbitsmap' 'specbitsmap_ln0' <Predicate = true> <Delay = 0.00>
ST_2 : Operation 31 [1/1] (0.00ns)   --->   "%specbitsmap_ln0 = specbitsmap void @_ssdm_op_SpecBitsMap, i4 %out_stream_V_keep_V"   --->   Operation 31 'specbitsmap' 'specbitsmap_ln0' <Predicate = true> <Delay = 0.00>
ST_2 : Operation 32 [1/1] (0.00ns)   --->   "%specbitsmap_ln0 = specbitsmap void @_ssdm_op_SpecBitsMap, i4 %out_stream_V_strb_V"   --->   Operation 32 'specbitsmap' 'specbitsmap_ln0' <Predicate = true> <Delay = 0.00>
ST_2 : Operation 33 [1/1] (0.00ns)   --->   "%specbitsmap_ln0 = specbitsmap void @_ssdm_op_SpecBitsMap, i1 %out_stream_V_last_V"   --->   Operation 33 'specbitsmap' 'specbitsmap_ln0' <Predicate = true> <Delay = 0.00>
ST_2 : Operation 34 [1/1] (0.00ns)   --->   "%specinterface_ln0 = specinterface void @_ssdm_op_SpecInterface, i32 0, void @empty_2, i32 0, i32 0, void @empty_1, i32 0, i32 0, void @empty_3, void @empty_1, void @empty_1, i32 0, i32 0, i32 0, i32 0, void @empty_1, void @empty_1, i32 4294967295, i32 0, i32 0"   --->   Operation 34 'specinterface' 'specinterface_ln0' <Predicate = true> <Delay = 0.00>
ST_2 : Operation 35 [1/1] (0.00ns)   --->   "%specaxissidechannel_ln55 = specaxissidechannel void @_ssdm_op_SpecAXISSideChannel, i32 %out_stream_V_data_V, i4 %out_stream_V_keep_V, i4 %out_stream_V_strb_V, i1 0, i1 %out_stream_V_last_V, i1 0, i1 0, void @empty_4" [../stream_matmul.cpp:55]   --->   Operation 35 'specaxissidechannel' 'specaxissidechannel_ln55' <Predicate = true> <Delay = 0.00>
ST_2 : Operation 36 [1/1] (0.00ns)   --->   "%specaxissidechannel_ln55 = specaxissidechannel void @_ssdm_op_SpecAXISSideChannel, i32 %in_stream_V_data_V, i4 %in_stream_V_keep_V, i4 %in_stream_V_strb_V, i1 0, i1 %in_stream_V_last_V, i1 0, i1 0, void @empty_5" [../stream_matmul.cpp:55]   --->   Operation 36 'specaxissidechannel' 'specaxissidechannel_ln55' <Predicate = true> <Delay = 0.00>
ST_2 : Operation 37 [1/2] (0.00ns)   --->   "%call_ln0 = call void @stream_matmul_Pipeline_VITIS_LOOP_55_1_VITIS_LOOP_56_2, i32 %C"   --->   Operation 37 'call' 'call_ln0' <Predicate = true> <Delay = 0.00> <CoreType = "Generic">   --->   Generic Core
ST_2 : Operation 38 [1/1] (0.00ns)   --->   "%br_ln63 = br void %VITIS_LOOP_66_4" [../stream_matmul.cpp:63]   --->   Operation 38 'br' 'br_ln63' <Predicate = true> <Delay = 0.00>

State 3 <SV = 2> <Delay = 5.42>
ST_3 : Operation 39 [1/1] (0.00ns)   --->   "%kk_1 = load i3 %kk" [../stream_matmul.cpp:63]   --->   Operation 39 'load' 'kk_1' <Predicate = true> <Delay = 0.00>
ST_3 : Operation 40 [1/1] (1.65ns)   --->   "%icmp_ln63 = icmp_eq  i3 %kk_1, i3 4" [../stream_matmul.cpp:63]   --->   Operation 40 'icmp' 'icmp_ln63' <Predicate = true> <Delay = 1.65> <CoreInst = "Cmp">   --->   Core 9 'Cmp' <Latency = 0> <II = 1> <Delay = 1.65> <FuncUnit> <Opcode : 'seteq' 'setne' 'setle' 'setge' 'setlt' 'setgt'> <InPorts = 2> <OutPorts = 1>
ST_3 : Operation 41 [1/1] (1.65ns)   --->   "%kk_2 = add i3 %kk_1, i3 1" [../stream_matmul.cpp:63]   --->   Operation 41 'add' 'kk_2' <Predicate = true> <Delay = 1.65> <CoreInst = "Adder">   --->   Core 1 'Adder' <Latency = 0> <II = 1> <Delay = 1.65> <FuncUnit> <Opcode : 'add' 'sub'> <InPorts = 2> <OutPorts = 1>
ST_3 : Operation 42 [1/1] (0.00ns)   --->   "%br_ln63 = br i1 %icmp_ln63, void %VITIS_LOOP_66_4.split, void %for.body88.preheader" [../stream_matmul.cpp:63]   --->   Operation 42 'br' 'br_ln63' <Predicate = true> <Delay = 0.00>
ST_3 : Operation 43 [2/2] (3.77ns)   --->   "%call_ln0 = call void @stream_matmul_Pipeline_VITIS_LOOP_66_4_VITIS_LOOP_67_5, i32 %A, i32 %A_1, i32 %A_2, i32 %A_3, i32 %in_stream_V_data_V, i4 %in_stream_V_keep_V, i4 %in_stream_V_strb_V, i1 %in_stream_V_last_V"   --->   Operation 43 'call' 'call_ln0' <Predicate = (!icmp_ln63)> <Delay = 3.77> <CoreType = "Generic">   --->   Generic Core
ST_3 : Operation 44 [1/1] (1.58ns)   --->   "%store_ln52 = store i3 %kk_2, i3 %kk" [../stream_matmul.cpp:52]   --->   Operation 44 'store' 'store_ln52' <Predicate = (!icmp_ln63)> <Delay = 1.58>
ST_3 : Operation 45 [2/2] (0.00ns)   --->   "%call_ln0 = call void @stream_matmul_Pipeline_VITIS_LOOP_98_11_VITIS_LOOP_99_12, i32 %C, i32 %out_stream_V_data_V, i4 %out_stream_V_keep_V, i4 %out_stream_V_strb_V, i1 %out_stream_V_last_V"   --->   Operation 45 'call' 'call_ln0' <Predicate = (icmp_ln63)> <Delay = 0.00> <CoreType = "Generic">   --->   Generic Core

State 4 <SV = 3> <Delay = 0.00>
ST_4 : Operation 46 [1/2] (0.00ns)   --->   "%call_ln0 = call void @stream_matmul_Pipeline_VITIS_LOOP_66_4_VITIS_LOOP_67_5, i32 %A, i32 %A_1, i32 %A_2, i32 %A_3, i32 %in_stream_V_data_V, i4 %in_stream_V_keep_V, i4 %in_stream_V_strb_V, i1 %in_stream_V_last_V"   --->   Operation 46 'call' 'call_ln0' <Predicate = true> <Delay = 0.00> <CoreType = "Generic">   --->   Generic Core

State 5 <SV = 4> <Delay = 3.77>
ST_5 : Operation 47 [2/2] (3.77ns)   --->   "%call_ln0 = call void @stream_matmul_Pipeline_VITIS_LOOP_74_6_VITIS_LOOP_75_7, i32 %B, i32 %B_1, i32 %B_2, i32 %B_3, i32 %in_stream_V_data_V, i4 %in_stream_V_keep_V, i4 %in_stream_V_strb_V, i1 %in_stream_V_last_V"   --->   Operation 47 'call' 'call_ln0' <Predicate = true> <Delay = 3.77> <CoreType = "Generic">   --->   Generic Core

State 6 <SV = 5> <Delay = 0.00>
ST_6 : Operation 48 [1/2] (0.00ns)   --->   "%call_ln0 = call void @stream_matmul_Pipeline_VITIS_LOOP_74_6_VITIS_LOOP_75_7, i32 %B, i32 %B_1, i32 %B_2, i32 %B_3, i32 %in_stream_V_data_V, i4 %in_stream_V_keep_V, i4 %in_stream_V_strb_V, i1 %in_stream_V_last_V"   --->   Operation 48 'call' 'call_ln0' <Predicate = true> <Delay = 0.00> <CoreType = "Generic">   --->   Generic Core

State 7 <SV = 6> <Delay = 0.00>
ST_7 : Operation 49 [2/2] (0.00ns)   --->   "%call_ln0 = call void @stream_matmul_Pipeline_VITIS_LOOP_83_8_VITIS_LOOP_84_9_VITIS_LOOP_87_10, i32 %A, i32 %A_1, i32 %A_2, i32 %A_3, i32 %B, i32 %B_1, i32 %B_2, i32 %B_3, i32 %C"   --->   Operation 49 'call' 'call_ln0' <Predicate = true> <Delay = 0.00> <CoreType = "Generic">   --->   Generic Core

State 8 <SV = 7> <Delay = 0.00>
ST_8 : Operation 50 [1/1] (0.00ns)   --->   "%speclooptripcount_ln52 = speclooptripcount void @_ssdm_op_SpecLoopTripCount, i64 4, i64 4, i64 4" [../stream_matmul.cpp:52]   --->   Operation 50 'speclooptripcount' 'speclooptripcount_ln52' <Predicate = true> <Delay = 0.00>
ST_8 : Operation 51 [1/1] (0.00ns)   --->   "%specloopname_ln63 = specloopname void @_ssdm_op_SpecLoopName, void @empty_7" [../stream_matmul.cpp:63]   --->   Operation 51 'specloopname' 'specloopname_ln63' <Predicate = true> <Delay = 0.00>
ST_8 : Operation 52 [1/2] (0.00ns)   --->   "%call_ln0 = call void @stream_matmul_Pipeline_VITIS_LOOP_83_8_VITIS_LOOP_84_9_VITIS_LOOP_87_10, i32 %A, i32 %A_1, i32 %A_2, i32 %A_3, i32 %B, i32 %B_1, i32 %B_2, i32 %B_3, i32 %C"   --->   Operation 52 'call' 'call_ln0' <Predicate = true> <Delay = 0.00> <CoreType = "Generic">   --->   Generic Core
ST_8 : Operation 53 [1/1] (0.00ns)   --->   "%br_ln63 = br void %VITIS_LOOP_66_4" [../stream_matmul.cpp:63]   --->   Operation 53 'br' 'br_ln63' <Predicate = true> <Delay = 0.00>

State 9 <SV = 3> <Delay = 4.54>
ST_9 : Operation 54 [1/2] (4.54ns)   --->   "%call_ln0 = call void @stream_matmul_Pipeline_VITIS_LOOP_98_11_VITIS_LOOP_99_12, i32 %C, i32 %out_stream_V_data_V, i4 %out_stream_V_keep_V, i4 %out_stream_V_strb_V, i1 %out_stream_V_last_V"   --->   Operation 54 'call' 'call_ln0' <Predicate = true> <Delay = 4.54> <CoreType = "Generic">   --->   Generic Core

State 10 <SV = 4> <Delay = 0.00>
ST_10 : Operation 55 [1/1] (0.00ns)   --->   "%ret_ln105 = ret" [../stream_matmul.cpp:105]   --->   Operation 55 'ret' 'ret_ln105' <Predicate = true> <Delay = 0.00>


============================================================
+ Verbose Summary: Timing violations
============================================================
Target clock period: 10.000ns, clock uncertainty: 2.700ns.

 <State 1>: 1.588ns
The critical path consists of the following:
	'alloca' operation 3 bit ('kk', ../stream_matmul.cpp:52) [9]  (0.000 ns)
	'store' operation 0 bit ('store_ln52', ../stream_matmul.cpp:52) of constant 0 on local variable 'kk', ../stream_matmul.cpp:52 [34]  (1.588 ns)

 <State 2>: 0.000ns
The critical path consists of the following:

 <State 3>: 5.422ns
The critical path consists of the following:
	'load' operation 3 bit ('kk', ../stream_matmul.cpp:63) on local variable 'kk', ../stream_matmul.cpp:52 [37]  (0.000 ns)
	'icmp' operation 1 bit ('icmp_ln63', ../stream_matmul.cpp:63) [38]  (1.650 ns)
	'call' operation 0 bit ('call_ln0') to 'stream_matmul_Pipeline_VITIS_LOOP_66_4_VITIS_LOOP_67_5' [44]  (3.772 ns)

 <State 4>: 0.000ns
The critical path consists of the following:

 <State 5>: 3.772ns
The critical path consists of the following:
	'call' operation 0 bit ('call_ln0') to 'stream_matmul_Pipeline_VITIS_LOOP_74_6_VITIS_LOOP_75_7' [45]  (3.772 ns)

 <State 6>: 0.000ns
The critical path consists of the following:

 <State 7>: 0.000ns
The critical path consists of the following:

 <State 8>: 0.000ns
The critical path consists of the following:

 <State 9>: 4.544ns
The critical path consists of the following:
	'call' operation 0 bit ('call_ln0') to 'stream_matmul_Pipeline_VITIS_LOOP_98_11_VITIS_LOOP_99_12' [50]  (4.544 ns)

 <State 10>: 0.000ns
The critical path consists of the following:


============================================================
+ Verbose Summary: Binding
============================================================
N/A
* FSMD analyzer results:
  - Output states:
 - Input state : 
  - Chain level:
	State 1
	State 2
	State 3
	State 4
	State 5
	State 6
	State 7
	State 8
	State 9
	State 10


============================================================
+ Verbose Summary: Datapath Resource usage 
============================================================
N/A
