#-----------------------------------------------------------
# xsim v2025.2 (64-bit)
# SW Build 6299465 on Fri Nov 14 19:35:11 GMT 2025
# IP Build 6300035 on Fri Nov 14 10:48:45 MST 2025
# SharedData Build 6298862 on Thu Nov 13 04:50:51 MST 2025
# Start of session at: Tue May 19 02:30:43 2026
# Process ID         : 7400
# Current directory  : C:/Users/rodrigofonseca/Lab1/hls_component/stream_matmul/hls/sim/verilog
# Command line       : xsim.exe -mode tcl -source {xsim.dir/stream_matmul/xsim_script.tcl}
# Log file           : C:/Users/rodrigofonseca/Lab1/hls_component/stream_matmul/hls/sim/verilog/xsim.log
# Journal file       : C:/Users/rodrigofonseca/Lab1/hls_component/stream_matmul/hls/sim/verilog\xsim.jou
# Running On         : RODRIGOFONS9798
# Platform           : Windows Server 2016 or Windows 10
# Operating System   : 26200
# Processor Detail   : Apple Silicon
# CPU Frequency      : 3072 MHz
# CPU Physical cores : 4
# CPU Logical cores  : 4
# Host memory        : 8583 MB
# Swap memory        : 2013 MB
# Total Virtual      : 10596 MB
# Available Virtual  : 4188 MB
#-----------------------------------------------------------
source xsim.dir/stream_matmul/xsim_script.tcl
open_wave_config stream_matmul_dataflow_ana.wcfg
source stream_matmul.tcl
