#-----------------------------------------------------------
# Vivado v2025.1 (64-bit)
# SW Build 6140274 on Thu May 22 00:12:29 MDT 2025
# IP Build 6138677 on Thu May 22 03:10:11 MDT 2025
# SharedData Build 6139179 on Tue May 20 17:58:58 MDT 2025
# Start of session at: Tue May 12 14:26:09 2026
# Process ID         : 14920
# Current directory  : D:/HWSW/project_matmul/project_matmul.runs/design_1_rst_ps7_0_100M_0_synth_1
# Command line       : vivado.exe -log design_1_rst_ps7_0_100M_0.vds -product Vivado -mode batch -messageDb vivado.pb -notrace -source design_1_rst_ps7_0_100M_0.tcl
# Log file           : D:/HWSW/project_matmul/project_matmul.runs/design_1_rst_ps7_0_100M_0_synth_1/design_1_rst_ps7_0_100M_0.vds
# Journal file       : D:/HWSW/project_matmul/project_matmul.runs/design_1_rst_ps7_0_100M_0_synth_1\vivado.jou
# Running On         : DESKTOP-L6C4H0S
# Platform           : Windows Server 2016 or Windows 10
# Operating System   : 19045
# Processor Detail   : Intel(R) Core(TM) i5-8400 CPU @ 2.80GHz
# CPU Frequency      : 2808 MHz
# CPU Physical cores : 6
# CPU Logical cores  : 6
# Host memory        : 17119 MB
# Swap memory        : 2436 MB
# Total Virtual      : 19556 MB
# Available Virtual  : 3592 MB
#-----------------------------------------------------------
source design_1_rst_ps7_0_100M_0.tcl -notrace
