#-----------------------------------------------------------
# Vivado v2025.1 (64-bit)
# SW Build 6140274 on Wed May 21 22:58:25 MDT 2025
# IP Build 6138677 on Thu May 22 03:10:11 MDT 2025
# SharedData Build 6139179 on Tue May 20 17:58:58 MDT 2025
# Start of session at: Tue May 12 17:11:36 2026
# Process ID         : 19635
# Current directory  : /home/public/Desktop/paulo/HWSW/project_matmul/project_matmul.runs/design_1_axi_mem_intercon_imp_xbar_0_synth_1
# Command line       : vivado -log design_1_axi_mem_intercon_imp_xbar_0.vds -product Vivado -mode batch -messageDb vivado.pb -notrace -source design_1_axi_mem_intercon_imp_xbar_0.tcl
# Log file           : /home/public/Desktop/paulo/HWSW/project_matmul/project_matmul.runs/design_1_axi_mem_intercon_imp_xbar_0_synth_1/design_1_axi_mem_intercon_imp_xbar_0.vds
# Journal file       : /home/public/Desktop/paulo/HWSW/project_matmul/project_matmul.runs/design_1_axi_mem_intercon_imp_xbar_0_synth_1/vivado.jou
# Running On         : carcavelos.acc.edu
# Platform           : Linuxmint
# Operating System   : Linux Mint 21.3
# Processor Detail   : AMD Ryzen 5 5600G with Radeon Graphics
# CPU Frequency      : 3900.000 MHz
# CPU Physical cores : 6
# CPU Logical cores  : 12
# Host memory        : 14529 MB
# Swap memory        : 2147 MB
# Total Virtual      : 16676 MB
# Available Virtual  : 8431 MB
#-----------------------------------------------------------
source design_1_axi_mem_intercon_imp_xbar_0.tcl -notrace
