

================================================================
== Synthesis Summary Report of 'stream_matmul'
================================================================
+ General Information: 
    * Date:           Tue May 19 17:15:05 2026
    * Version:        2025.2 (Build 6295257 on Nov 14 2025)
    * Project:        stream_matmul
    * Solution:       hls (Vivado IP Flow Target)
    * Product family: zynq
    * Target device:  xc7z010-clg400-1
    

* Performance & Resource Estimates: 
+-----------------------------------------------+------+-------------------+----------+---------+------+----------+---------+-----------+------+----------+--------+----------+------------+-----+
|                    Modules                    | Issue|                   | Iteration|         | Trip |          |       Latency       |      |          |        |          |            |     |
|                    & Loops                    | Type |   Violation Type  |  Latency | Interval| Count| Pipelined| (cycles)|    (ns)   | Slack|   BRAM   |   DSP  |    FF    |     LUT    | URAM|
+-----------------------------------------------+------+-------------------+----------+---------+------+----------+---------+-----------+------+----------+--------+----------+------------+-----+
|+ stream_matmul                                |     -|                  -|         -|   380107|     -|        no|   380106|  3.801e+06|  0.24|  12 (10%)|  4 (5%)|  851 (2%)|  2617 (14%)|    -|
| + stream_matmul_Pipeline_init_c_i_init_c_j    |     -|                  -|         -|        -|     -|       yes|      259|  2.590e+03|  0.94|         -|       -|  29 (~0%)|   133 (~0%)|    -|
|  o init_c_i_init_c_j                          |     -|                  -|         3|        1|   256|       yes|      257|  2.570e+03|  7.30|         -|       -|         -|           -|    -|
| + stream_matmul_Pipeline_write_c_i_write_c_j  |     -|                  -|         -|        -|     -|       yes|      259|  2.590e+03|  0.93|         -|       -|  27 (~0%)|    192 (1%)|    -|
|  o write_c_i_write_c_j                        |     -|                  -|         3|        1|   256|       yes|      257|  2.570e+03|  7.30|         -|       -|         -|           -|    -|
| o k_tile_loop                                 |     -|                  -|      5931|        -|    64|        no|   379584|  3.796e+06|  7.30|         -|       -|         -|           -|    -|
|  + stream_matmul_Pipeline_read_a_i_read_a_j   |     -|                  -|         -|        -|     -|       yes|      259|  2.590e+03|  0.94|         -|       -|  29 (~0%)|   144 (~0%)|    -|
|   o read_a_i_read_a_j                         |     -|                  -|         3|        1|   256|       yes|      257|  2.570e+03|  7.30|         -|       -|         -|           -|    -|
|  + stream_matmul_Pipeline_read_b_i_read_b_j   |     -|                  -|         -|        -|     -|       yes|      259|  2.590e+03|  0.94|         -|       -|  32 (~0%)|   158 (~0%)|    -|
|   o read_b_i_read_b_j                         |     -|                  -|         3|        1|   256|       yes|      257|  2.570e+03|  7.30|         -|       -|         -|           -|    -|
|  o compute_i                                  |     -|                  -|       338|        -|    16|        no|     5408|  5.408e+04|  7.30|         -|       -|         -|           -|    -|
|   o compute_j                                 |     -|                  -|        21|        -|    16|        no|      336|  3.360e+03|  7.30|         -|       -|         -|           -|    -|
|    + stream_matmul_Pipeline_compute_k         |     -|                  -|         -|        -|     -|       yes|       16|    160.000|  0.24|         -|  4 (5%)|  386 (1%)|    841 (4%)|    -|
|     o compute_k                               |    II|  Memory Dependency|         6|        3|     4|       yes|       14|    140.000|  7.30|         -|       -|         -|           -|    -|
+-----------------------------------------------+------+-------------------+----------+---------+------+----------+---------+-----------+------+----------+--------+----------+------------+-----+
    II Violation Information: docs.amd.com/access/sources/dita/topic?Doc_Version=2025.2%20English&url=ug1448-hls-guidance&resourceid=200-880.html
    Name Prefix: '+' for module, 'o' for loop, '*' for dataflow


================================================================
== HW Interfaces
================================================================
* S_AXILITE Interfaces
+---------------+------------+---------------+--------+----------+
| Interface     | Data Width | Address Width | Offset | Register |
+---------------+------------+---------------+--------+----------+
| s_axi_control | 32         | 5             | 16     | 0        |
+---------------+------------+---------------+--------+----------+

* S_AXILITE Registers
+---------------+-------------+--------+-------+--------+----------------------------------+----------------------------------------------------------------------+
| Interface     | Register    | Offset | Width | Access | Description                      | Bit Fields                                                           |
+---------------+-------------+--------+-------+--------+----------------------------------+----------------------------------------------------------------------+
| s_axi_control | CTRL        | 0x00   | 32    | RW     | Control signals                  | 0=AP_START 1=AP_DONE 2=AP_IDLE 3=AP_READY 7=AUTO_RESTART 9=INTERRUPT |
| s_axi_control | GIER        | 0x04   | 32    | RW     | Global Interrupt Enable Register | 0=Enable                                                             |
| s_axi_control | IP_IER      | 0x08   | 32    | RW     | IP Interrupt Enable Register     | 0=CHAN0_INT_EN 1=CHAN1_INT_EN                                        |
| s_axi_control | IP_ISR      | 0x0c   | 32    | RW     | IP Interrupt Status Register     | 0=CHAN0_INT_ST 1=CHAN1_INT_ST                                        |
| s_axi_control | num_k_tiles | 0x10   | 32    | W      | Data signal of num_k_tiles       |                                                                      |
+---------------+-------------+--------+-------+--------+----------------------------------+----------------------------------------------------------------------+

* AXIS
+------------+-----------+---------------+-------+-------+-------+--------+-------+--------+
| Interface  | Direction | Register Mode | TDATA | TKEEP | TLAST | TREADY | TSTRB | TVALID |
+------------+-----------+---------------+-------+-------+-------+--------+-------+--------+
| in_stream  | in        | both          | 32    | 4     | 1     | 1      | 4     | 1      |
| out_stream | out       | both          | 32    | 4     | 1     | 1      | 4     | 1      |
+------------+-----------+---------------+-------+-------+-------+--------+-------+--------+

* TOP LEVEL CONTROL
+-----------+------------+-----------+
| Interface | Type       | Ports     |
+-----------+------------+-----------+
| ap_clk    | clock      | ap_clk    |
| ap_rst_n  | reset      | ap_rst_n  |
| interrupt | interrupt  | interrupt |
| ap_ctrl   | ap_ctrl_hs |           |
+-----------+------------+-----------+


================================================================
== SW I/O Information
================================================================
* Top Function Arguments
+-------------+-----------+------------------------------------------------------------------------------+
| Argument    | Direction | Datatype                                                                     |
+-------------+-----------+------------------------------------------------------------------------------+
| in_stream   | in        | stream<hls::axis<ap_uint<32>, 0UL, 0UL, 0UL, (unsigned char)'8', false>, 0>& |
| out_stream  | out       | stream<hls::axis<ap_uint<32>, 0UL, 0UL, 0UL, (unsigned char)'8', false>, 0>& |
| num_k_tiles | in        | int                                                                          |
+-------------+-----------+------------------------------------------------------------------------------+

* SW-to-HW Mapping
+-------------+---------------+-----------+---------------------------------------+
| Argument    | HW Interface  | HW Type   | HW Info                               |
+-------------+---------------+-----------+---------------------------------------+
| in_stream   | in_stream     | interface |                                       |
| out_stream  | out_stream    | interface |                                       |
| num_k_tiles | s_axi_control | register  | name=num_k_tiles offset=0x10 range=32 |
+-------------+---------------+-----------+---------------------------------------+


================================================================
== Bind Op Report
================================================================
+-----------------------------------------------+-----+--------+----------------+-----------+--------------------------+---------+
| Name                                          | DSP | Pragma | Variable       | Op        | Impl                     | Latency |
+-----------------------------------------------+-----+--------+----------------+-----------+--------------------------+---------+
| + stream_matmul                               | 4   |        |                |           |                          |         |
|   icmp_fu_343_p2                              |     |        | icmp           | setgt     | auto                     | 0       |
|   xor_ln112_fu_349_p2                         |     |        | xor_ln112      | xor       | auto                     | 0       |
|   select_ln112_fu_355_p3                      |     |        | select_ln112   | select    | auto_sel                 | 0       |
|   empty_fu_368_p2                             |     |        | empty          | setgt     | auto                     | 0       |
|   xor_ln112_1_fu_373_p2                       |     |        | xor_ln112_1    | xor       | auto                     | 0       |
|   select_ln112_1_fu_378_p3                    |     |        | select_ln112_1 | select    | auto_sel                 | 0       |
|   icmp_ln112_fu_389_p2                        |     |        | icmp_ln112     | seteq     | auto                     | 0       |
|   add_ln112_fu_394_p2                         |     |        | add_ln112      | add       | fabric                   | 0       |
|   icmp_ln145_fu_400_p2                        |     |        | icmp_ln145     | seteq     | auto                     | 0       |
|   add_ln145_fu_406_p2                         |     |        | add_ln145      | add       | fabric                   | 0       |
|   icmp_ln147_fu_420_p2                        |     |        | icmp_ln147     | seteq     | auto                     | 0       |
|   add_ln147_fu_426_p2                         |     |        | add_ln147      | add       | fabric                   | 0       |
|   sparsemux_9_2_32_1_1_U48                    |     |        | acc            | sparsemux | compactencoding_dontcare | 0       |
|  + stream_matmul_Pipeline_init_c_i_init_c_j   | 0   |        |                |           |                          |         |
|    icmp_ln100_fu_140_p2                       |     |        | icmp_ln100     | seteq     | auto                     | 0       |
|    add_ln100_1_fu_146_p2                      |     |        | add_ln100_1    | add       | fabric                   | 0       |
|    add_ln100_fu_212_p2                        |     |        | add_ln100      | add       | fabric                   | 0       |
|    icmp_ln102_fu_160_p2                       |     |        | icmp_ln102     | seteq     | auto                     | 0       |
|    select_ln84_fu_166_p3                      |     |        | select_ln84    | select    | auto_sel                 | 0       |
|    select_ln100_fu_218_p3                     |     |        | select_ln100   | select    | auto_sel                 | 0       |
|    add_ln102_fu_198_p2                        |     |        | add_ln102      | add       | fabric                   | 0       |
|  + stream_matmul_Pipeline_read_a_i_read_a_j   | 0   |        |                |           |                          |         |
|    icmp_ln119_fu_170_p2                       |     |        | icmp_ln119     | seteq     | auto                     | 0       |
|    add_ln119_1_fu_176_p2                      |     |        | add_ln119_1    | add       | fabric                   | 0       |
|    add_ln119_fu_242_p2                        |     |        | add_ln119      | add       | fabric                   | 0       |
|    icmp_ln121_fu_190_p2                       |     |        | icmp_ln121     | seteq     | auto                     | 0       |
|    select_ln84_fu_196_p3                      |     |        | select_ln84    | select    | auto_sel                 | 0       |
|    select_ln119_fu_248_p3                     |     |        | select_ln119   | select    | auto_sel                 | 0       |
|    add_ln121_fu_228_p2                        |     |        | add_ln121      | add       | fabric                   | 0       |
|  + stream_matmul_Pipeline_write_c_i_write_c_j | 0   |        |                |           |                          |         |
|    icmp_ln166_fu_186_p2                       |     |        | icmp_ln166     | seteq     | auto                     | 0       |
|    add_ln166_1_fu_192_p2                      |     |        | add_ln166_1    | add       | fabric                   | 0       |
|    add_ln166_fu_209_p2                        |     |        | add_ln166      | add       | fabric                   | 0       |
|    icmp_ln168_fu_215_p2                       |     |        | icmp_ln168     | seteq     | auto                     | 0       |
|    select_ln84_fu_221_p3                      |     |        | select_ln84    | select    | auto_sel                 | 0       |
|    select_ln166_fu_229_p3                     |     |        | select_ln166   | select    | auto_sel                 | 0       |
|    icmp_ln170_fu_241_p2                       |     |        | icmp_ln170     | seteq     | auto                     | 0       |
|    icmp_ln170_1_fu_277_p2                     |     |        | icmp_ln170_1   | seteq     | auto                     | 0       |
|    last_fu_283_p2                             |     |        | last           | and       | auto                     | 0       |
|    sparsemux_9_2_32_1_1_U38                   |     |        | value          | sparsemux | compactencoding_dontcare | 0       |
|    add_ln168_fu_289_p2                        |     |        | add_ln168      | add       | fabric                   | 0       |
|  + stream_matmul_Pipeline_read_b_i_read_b_j   | 0   |        |                |           |                          |         |
|    icmp_ln132_fu_172_p2                       |     |        | icmp_ln132     | seteq     | auto                     | 0       |
|    add_ln132_1_fu_178_p2                      |     |        | add_ln132_1    | add       | fabric                   | 0       |
|    add_ln132_fu_195_p2                        |     |        | add_ln132      | add       | fabric                   | 0       |
|    icmp_ln134_fu_201_p2                       |     |        | icmp_ln134     | seteq     | auto                     | 0       |
|    select_ln84_fu_207_p3                      |     |        | select_ln84    | select    | auto_sel                 | 0       |
|    select_ln132_fu_215_p3                     |     |        | select_ln132   | select    | auto_sel                 | 0       |
|    add_ln137_fu_249_p2                        |     |        | add_ln137      | add       | fabric                   | 0       |
|    add_ln134_fu_265_p2                        |     |        | add_ln134      | add       | fabric                   | 0       |
|  + stream_matmul_Pipeline_compute_k           | 4   |        |                |           |                          |         |
|    mul_16s_16s_32_1_1_U21                     | 1   |        | mul_ln153      | mul       | auto                     | 0       |
|    add_ln153_fu_368_p2                        |     |        | add_ln153      | add       | fabric                   | 0       |
|    add_ln153_8_fu_386_p2                      |     |        | add_ln153_8    | add       | fabric                   | 0       |
|    add_ln153_1_fu_392_p2                      |     |        | add_ln153_1    | add       | fabric                   | 0       |
|    xor_ln153_fu_418_p2                        |     |        | xor_ln153      | xor       | auto                     | 0       |
|    and_ln153_fu_424_p2                        |     |        | and_ln153      | and       | auto                     | 0       |
|    xor_ln153_1_fu_430_p2                      |     |        | xor_ln153_1    | xor       | auto                     | 0       |
|    select_ln153_fu_436_p3                     |     |        | select_ln153   | select    | auto_sel                 | 0       |
|    acc_3_fu_444_p3                            |     |        | acc_3          | select    | auto_sel                 | 0       |
|    mul_16s_16s_32_1_1_U22                     | 1   |        | mul_ln153_1    | mul       | auto                     | 0       |
|    add_ln153_2_fu_458_p2                      |     |        | add_ln153_2    | add       | fabric                   | 0       |
|    add_ln153_9_fu_533_p2                      |     |        | add_ln153_9    | add       | fabric                   | 0       |
|    add_ln153_3_fu_538_p2                      |     |        | add_ln153_3    | add       | fabric                   | 0       |
|    xor_ln153_2_fu_564_p2                      |     |        | xor_ln153_2    | xor       | auto                     | 0       |
|    and_ln153_1_fu_570_p2                      |     |        | and_ln153_1    | and       | auto                     | 0       |
|    xor_ln153_3_fu_576_p2                      |     |        | xor_ln153_3    | xor       | auto                     | 0       |
|    select_ln153_2_fu_582_p3                   |     |        | select_ln153_2 | select    | auto_sel                 | 0       |
|    acc_5_fu_590_p3                            |     |        | acc_5          | select    | auto_sel                 | 0       |
|    mul_16s_16s_32_1_1_U23                     | 1   |        | mul_ln153_2    | mul       | auto                     | 0       |
|    add_ln153_4_fu_604_p2                      |     |        | add_ln153_4    | add       | fabric                   | 0       |
|    add_ln153_10_fu_622_p2                     |     |        | add_ln153_10   | add       | fabric                   | 0       |
|    add_ln153_5_fu_628_p2                      |     |        | add_ln153_5    | add       | fabric                   | 0       |
|    xor_ln153_4_fu_654_p2                      |     |        | xor_ln153_4    | xor       | auto                     | 0       |
|    and_ln153_2_fu_660_p2                      |     |        | and_ln153_2    | and       | auto                     | 0       |
|    xor_ln153_5_fu_666_p2                      |     |        | xor_ln153_5    | xor       | auto                     | 0       |
|    select_ln153_4_fu_672_p3                   |     |        | select_ln153_4 | select    | auto_sel                 | 0       |
|    acc_7_fu_680_p3                            |     |        | acc_7          | select    | auto_sel                 | 0       |
|    mul_16s_16s_32_1_1_U24                     | 1   |        | mul_ln153_3    | mul       | auto                     | 0       |
|    add_ln153_6_fu_694_p2                      |     |        | add_ln153_6    | add       | fabric                   | 0       |
|    add_ln153_11_fu_709_p2                     |     |        | add_ln153_11   | add       | fabric                   | 0       |
|    add_ln153_7_fu_714_p2                      |     |        | add_ln153_7    | add       | fabric                   | 0       |
|    xor_ln153_6_fu_740_p2                      |     |        | xor_ln153_6    | xor       | auto                     | 0       |
|    and_ln153_3_fu_746_p2                      |     |        | and_ln153_3    | and       | auto                     | 0       |
|    xor_ln153_7_fu_752_p2                      |     |        | xor_ln153_7    | xor       | auto                     | 0       |
|    select_ln153_6_fu_758_p3                   |     |        | select_ln153_6 | select    | auto_sel                 | 0       |
|    acc_9_fu_766_p3                            |     |        | acc_9          | select    | auto_sel                 | 0       |
|    add_ln151_fu_288_p2                        |     |        | add_ln151      | add       | fabric                   | 0       |
+-----------------------------------------------+-----+--------+----------------+-----------+--------------------------+---------+


================================================================
== Storage Report
================================================================
+-------------------+--------------+-----------+------+------+--------+----------+------+---------+------------------+
| Name              | Usage        | Type      | BRAM | URAM | Pragma | Variable | Impl | Latency | Bitwidth, Depth, |
|                   |              |           |      |      |        |          |      |         | Banks            |
+-------------------+--------------+-----------+------+------+--------+----------+------+---------+------------------+
| + stream_matmul   |              |           | 12   | 0    |        |          |      |         |                  |
|   control_s_axi_U | interface    | s_axilite |      |      |        |          |      |         |                  |
|   A_U             | ram_1p array |           | 1    |      |        | A        | auto | 1       | 16, 64, 1        |
|   A_1_U           | ram_1p array |           | 1    |      |        | A_1      | auto | 1       | 16, 64, 1        |
|   A_2_U           | ram_1p array |           | 1    |      |        | A_2      | auto | 1       | 16, 64, 1        |
|   A_3_U           | ram_1p array |           | 1    |      |        | A_3      | auto | 1       | 16, 64, 1        |
|   B_U             | ram_1p array |           | 1    |      |        | B        | auto | 1       | 16, 64, 1        |
|   B_1_U           | ram_1p array |           | 1    |      |        | B_1      | auto | 1       | 16, 64, 1        |
|   B_2_U           | ram_1p array |           | 1    |      |        | B_2      | auto | 1       | 16, 64, 1        |
|   B_3_U           | ram_1p array |           | 1    |      |        | B_3      | auto | 1       | 16, 64, 1        |
|   C_U             | ram_1p array |           | 1    |      |        | C        | auto | 1       | 32, 64, 1        |
|   C_1_U           | ram_1p array |           | 1    |      |        | C_1      | auto | 1       | 32, 64, 1        |
|   C_2_U           | ram_1p array |           | 1    |      |        | C_2      | auto | 1       | 32, 64, 1        |
|   C_3_U           | ram_1p array |           | 1    |      |        | C_3      | auto | 1       | 32, 64, 1        |
+-------------------+--------------+-----------+------+------+--------+----------+------+---------+------------------+


================================================================
== Pragma Report
================================================================
* Inferred Pragmas
+--------------+---------+----------------------------------------------------------------------------------------------------------------+----------------------------------------------+
| Type         | Options | Location                                                                                                       | Inferred From                                |
+--------------+---------+----------------------------------------------------------------------------------------------------------------+----------------------------------------------+
| LOOP_FLATTEN |         | loop init_c_i (../stream_matmul_fixedPoint.cpp:100:5) in stream_matmul (../stream_matmul_fixedPoint.cpp:100)   | pipeline ../stream_matmul_fixedPoint.cpp:103 |
| LOOP_FLATTEN |         | loop read_a_i (../stream_matmul_fixedPoint.cpp:119:9) in stream_matmul (../stream_matmul_fixedPoint.cpp:119)   | pipeline ../stream_matmul_fixedPoint.cpp:122 |
| LOOP_FLATTEN |         | loop read_b_i (../stream_matmul_fixedPoint.cpp:132:9) in stream_matmul (../stream_matmul_fixedPoint.cpp:132)   | pipeline ../stream_matmul_fixedPoint.cpp:135 |
| LOOP_FLATTEN |         | loop write_c_i (../stream_matmul_fixedPoint.cpp:166:5) in stream_matmul (../stream_matmul_fixedPoint.cpp:166)  | pipeline ../stream_matmul_fixedPoint.cpp:169 |
| PIPELINE     |         | loop compute_k (../stream_matmul_fixedPoint.cpp:151:17) in stream_matmul (../stream_matmul_fixedPoint.cpp:151) | syn.compile.pipeline_loops=64                |
+--------------+---------+----------------------------------------------------------------------------------------------------------------+----------------------------------------------+

* Valid Pragma Syntax
+-----------------+-------------------------------------------+--------------------------------------------------------+
| Type            | Options                                   | Location                                               |
+-----------------+-------------------------------------------+--------------------------------------------------------+
| INTERFACE       | axis port=in_stream                       | in stream_matmul (../stream_matmul_fixedPoint.cpp:71)  |
| INTERFACE       | axis port=out_stream                      | in stream_matmul (../stream_matmul_fixedPoint.cpp:72)  |
| INTERFACE       | s_axilite port=num_k_tiles bundle=control | in stream_matmul (../stream_matmul_fixedPoint.cpp:73)  |
| INTERFACE       | s_axilite port=return bundle=control      | in stream_matmul (../stream_matmul_fixedPoint.cpp:74)  |
| ARRAY_PARTITION | variable=A cyclic factor=4 dim=2          | in stream_matmul (../stream_matmul_fixedPoint.cpp:80)  |
| ARRAY_PARTITION | variable=B cyclic factor=4 dim=1          | in stream_matmul (../stream_matmul_fixedPoint.cpp:81)  |
| ARRAY_PARTITION | variable=C cyclic factor=4 dim=2          | in stream_matmul (../stream_matmul_fixedPoint.cpp:82)  |
| PIPELINE        | ii=1                                      | in stream_matmul (../stream_matmul_fixedPoint.cpp:103) |
| LOOP_TRIPCOUNT  | min=1 max=64                              | in stream_matmul (../stream_matmul_fixedPoint.cpp:113) |
| PIPELINE        | ii=1                                      | in stream_matmul (../stream_matmul_fixedPoint.cpp:122) |
| PIPELINE        | ii=1                                      | in stream_matmul (../stream_matmul_fixedPoint.cpp:135) |
| UNROLL          | factor=4                                  | in stream_matmul (../stream_matmul_fixedPoint.cpp:152) |
| PIPELINE        | ii=1                                      | in stream_matmul (../stream_matmul_fixedPoint.cpp:169) |
+-----------------+-------------------------------------------+--------------------------------------------------------+


