

================================================================
== Synthesis Summary Report of 'stream_matmul'
================================================================
+ General Information: 
    * Date:           Tue May 12 13:33:24 2026
    * Version:        2025.1 (Build 6135595 on May 21 2025)
    * Project:        stream_matmul
    * Solution:       hls (Vivado IP Flow Target)
    * Product family: zynq
    * Target device:  xc7z010-clg400-1
    

+ Performance & Resource Estimates: 
    
    PS: '+' for module; 'o' for loop; '*' for dataflow
    +-----------------------------------------------------------------------------+------+------+---------+-----------+----------+---------+------+----------+--------+--------+-----------+------------+-----+
    |                                   Modules                                   | Issue|      |       Latency       | Iteration|         | Trip |          |        |        |           |            |     |
    |                                   & Loops                                   | Type | Slack| (cycles)|    (ns)   |  Latency | Interval| Count| Pipelined|  BRAM  |   DSP  |     FF    |     LUT    | URAM|
    +-----------------------------------------------------------------------------+------+------+---------+-----------+----------+---------+------+----------+--------+--------+-----------+------------+-----+
    |+ stream_matmul                                                              |     -|  0.04|    88667|  8.867e+05|         -|    88668|     -|        no|  9 (7%)|  5 (6%)|  1150 (3%)|  2378 (13%)|    -|
    | + stream_matmul_Pipeline_VITIS_LOOP_55_1_VITIS_LOOP_56_2                    |     -|  0.94|      259|  2.590e+03|         -|      257|     -|    rewind|       -|       -|   32 (~0%)|   148 (~0%)|    -|
    |  o VITIS_LOOP_55_1_VITIS_LOOP_56_2                                          |     -|  7.30|      257|  2.570e+03|         3|        1|   256|       yes|       -|       -|          -|           -|    -|
    | + stream_matmul_Pipeline_VITIS_LOOP_98_11_VITIS_LOOP_99_12                  |     -|  0.94|      260|  2.600e+03|         -|      257|     -|    rewind|       -|       -|   36 (~0%)|    187 (1%)|    -|
    |  o VITIS_LOOP_98_11_VITIS_LOOP_99_12                                        |     -|  7.30|      258|  2.580e+03|         4|        1|   256|       yes|       -|       -|          -|           -|    -|
    | o VITIS_LOOP_63_3                                                           |     -|  7.30|    88144|  8.814e+05|     22036|        -|     4|        no|       -|       -|          -|           -|    -|
    |  + stream_matmul_Pipeline_VITIS_LOOP_66_4_VITIS_LOOP_67_5                   |     -|  0.94|      259|  2.590e+03|         -|      257|     -|    rewind|       -|       -|   29 (~0%)|   144 (~0%)|    -|
    |   o VITIS_LOOP_66_4_VITIS_LOOP_67_5                                         |     -|  7.30|      257|  2.570e+03|         3|        1|   256|       yes|       -|       -|          -|           -|    -|
    |  + stream_matmul_Pipeline_VITIS_LOOP_74_6_VITIS_LOOP_75_7                   |     -|  0.94|      259|  2.590e+03|         -|      257|     -|    rewind|       -|       -|   32 (~0%)|   158 (~0%)|    -|
    |   o VITIS_LOOP_74_6_VITIS_LOOP_75_7                                         |     -|  7.30|      257|  2.570e+03|         3|        1|   256|       yes|       -|       -|          -|           -|    -|
    |  + stream_matmul_Pipeline_VITIS_LOOP_83_8_VITIS_LOOP_84_9_VITIS_LOOP_87_10  |     -|  0.04|    21512|  2.151e+05|         -|    21511|     -|    rewind|       -|  5 (6%)|   926 (2%)|   1193 (6%)|    -|
    |   o VITIS_LOOP_83_8_VITIS_LOOP_84_9_VITIS_LOOP_87_10                        |    II|  7.30|    21510|  2.151e+05|        28|       21|  1024|       yes|       -|       -|          -|           -|    -|
    +-----------------------------------------------------------------------------+------+------+---------+-----------+----------+---------+------+----------+--------+--------+-----------+------------+-----+


================================================================
== HW Interfaces
================================================================
* S_AXILITE Interfaces
+---------------+------------+---------------+
| Interface     | Data Width | Address Width |
+---------------+------------+---------------+
| s_axi_control | 32         | 4             |
+---------------+------------+---------------+

* S_AXILITE Registers
+---------------+----------+--------+-------+--------+----------------------------------+----------------------------------------------------------------------+
| Interface     | Register | Offset | Width | Access | Description                      | Bit Fields                                                           |
+---------------+----------+--------+-------+--------+----------------------------------+----------------------------------------------------------------------+
| s_axi_control | CTRL     | 0x00   | 32    | RW     | Control signals                  | 0=AP_START 1=AP_DONE 2=AP_IDLE 3=AP_READY 7=AUTO_RESTART 9=INTERRUPT |
| s_axi_control | GIER     | 0x04   | 32    | RW     | Global Interrupt Enable Register | 0=Enable                                                             |
| s_axi_control | IP_IER   | 0x08   | 32    | RW     | IP Interrupt Enable Register     | 0=CHAN0_INT_EN 1=CHAN1_INT_EN                                        |
| s_axi_control | IP_ISR   | 0x0c   | 32    | RW     | IP Interrupt Status Register     | 0=CHAN0_INT_ST 1=CHAN1_INT_ST                                        |
+---------------+----------+--------+-------+--------+----------------------------------+----------------------------------------------------------------------+

* AXIS
+------------+-----------+---------------+-------+-------+-------+--------+-------+--------+
| Interface  | Direction | Register Mode | TDATA | TKEEP | TLAST | TREADY | TSTRB | TVALID |
+------------+-----------+---------------+-------+-------+-------+--------+-------+--------+
| in_stream  | in        | both          | 32    | 4     | 1     | 1      | 4     | 1      |
| out_stream | out       | both          | 32    | 4     | 1     | 1      | 4     | 1      |
+------------+-----------+---------------+-------+-------+-------+--------+-------+--------+

* TOP LEVEL CONTROL
+-----------+------------+-----------+
| Interface | Type       | Ports     |
+-----------+------------+-----------+
| ap_clk    | clock      | ap_clk    |
| ap_rst_n  | reset      | ap_rst_n  |
| interrupt | interrupt  | interrupt |
| ap_ctrl   | ap_ctrl_hs |           |
+-----------+------------+-----------+


================================================================
== SW I/O Information
================================================================
* Top Function Arguments
+------------+-----------+---------------------------------------------------------+
| Argument   | Direction | Datatype                                                |
+------------+-----------+---------------------------------------------------------+
| in_stream  | in        | stream<hls::axis<ap_uint<32>, 0, 0, 0, '8', false>, 0>& |
| out_stream | out       | stream<hls::axis<ap_uint<32>, 0, 0, 0, '8', false>, 0>& |
+------------+-----------+---------------------------------------------------------+

* SW-to-HW Mapping
+------------+--------------+-----------+
| Argument   | HW Interface | HW Type   |
+------------+--------------+-----------+
| in_stream  | in_stream    | interface |
| out_stream | out_stream   | interface |
+------------+--------------+-----------+


================================================================
== Bind Op Report
================================================================
+----------------------------------------------------------------------------+-----+--------+---------------+--------+----------+---------+
| Name                                                                       | DSP | Pragma | Variable      | Op     | Impl     | Latency |
+----------------------------------------------------------------------------+-----+--------+---------------+--------+----------+---------+
| + stream_matmul                                                            | 5   |        |               |        |          |         |
|   icmp_ln63_fu_186_p2                                                      |     |        | icmp_ln63     | seteq  | auto     | 0       |
|   kk_2_fu_192_p2                                                           |     |        | kk_2          | add    | fabric   | 0       |
|  + stream_matmul_Pipeline_VITIS_LOOP_55_1_VITIS_LOOP_56_2                  | 0   |        |               |        |          |         |
|    icmp_ln55_fu_82_p2                                                      |     |        | icmp_ln55     | seteq  | auto     | 0       |
|    add_ln55_1_fu_88_p2                                                     |     |        | add_ln55_1    | add    | fabric   | 0       |
|    add_ln55_fu_105_p2                                                      |     |        | add_ln55      | add    | fabric   | 0       |
|    icmp_ln56_fu_111_p2                                                     |     |        | icmp_ln56     | seteq  | auto     | 0       |
|    select_ln52_fu_117_p3                                                   |     |        | select_ln52   | select | auto_sel | 0       |
|    select_ln55_fu_125_p3                                                   |     |        | select_ln55   | select | auto_sel | 0       |
|    add_ln58_fu_149_p2                                                      |     |        | add_ln58      | add    | fabric   | 0       |
|    add_ln56_fu_155_p2                                                      |     |        | add_ln56      | add    | fabric   | 0       |
|  + stream_matmul_Pipeline_VITIS_LOOP_66_4_VITIS_LOOP_67_5                  | 0   |        |               |        |          |         |
|    icmp_ln66_fu_170_p2                                                     |     |        | icmp_ln66     | seteq  | auto     | 0       |
|    add_ln66_1_fu_176_p2                                                    |     |        | add_ln66_1    | add    | fabric   | 0       |
|    add_ln66_fu_242_p2                                                      |     |        | add_ln66      | add    | fabric   | 0       |
|    icmp_ln67_fu_190_p2                                                     |     |        | icmp_ln67     | seteq  | auto     | 0       |
|    select_ln52_fu_196_p3                                                   |     |        | select_ln52   | select | auto_sel | 0       |
|    select_ln66_fu_248_p3                                                   |     |        | select_ln66   | select | auto_sel | 0       |
|    add_ln67_fu_228_p2                                                      |     |        | add_ln67      | add    | fabric   | 0       |
|  + stream_matmul_Pipeline_VITIS_LOOP_98_11_VITIS_LOOP_99_12                | 0   |        |               |        |          |         |
|    icmp_ln98_fu_125_p2                                                     |     |        | icmp_ln98     | seteq  | auto     | 0       |
|    add_ln98_1_fu_131_p2                                                    |     |        | add_ln98_1    | add    | fabric   | 0       |
|    add_ln98_fu_148_p2                                                      |     |        | add_ln98      | add    | fabric   | 0       |
|    icmp_ln99_fu_154_p2                                                     |     |        | icmp_ln99     | seteq  | auto     | 0       |
|    select_ln52_fu_160_p3                                                   |     |        | select_ln52   | select | auto_sel | 0       |
|    select_ln98_fu_168_p3                                                   |     |        | select_ln98   | select | auto_sel | 0       |
|    cmp89_fu_188_p2                                                         |     |        | cmp89         | seteq  | auto     | 0       |
|    add_ln102_fu_198_p2                                                     |     |        | add_ln102     | add    | fabric   | 0       |
|    icmp_ln101_fu_204_p2                                                    |     |        | icmp_ln101    | seteq  | auto     | 0       |
|    last_fu_210_p2                                                          |     |        | last          | and    | auto     | 0       |
|    add_ln99_fu_216_p2                                                      |     |        | add_ln99      | add    | fabric   | 0       |
|  + stream_matmul_Pipeline_VITIS_LOOP_74_6_VITIS_LOOP_75_7                  | 0   |        |               |        |          |         |
|    icmp_ln74_fu_172_p2                                                     |     |        | icmp_ln74     | seteq  | auto     | 0       |
|    add_ln74_1_fu_178_p2                                                    |     |        | add_ln74_1    | add    | fabric   | 0       |
|    add_ln74_fu_195_p2                                                      |     |        | add_ln74      | add    | fabric   | 0       |
|    icmp_ln75_fu_201_p2                                                     |     |        | icmp_ln75     | seteq  | auto     | 0       |
|    select_ln52_fu_207_p3                                                   |     |        | select_ln52   | select | auto_sel | 0       |
|    select_ln74_fu_215_p3                                                   |     |        | select_ln74   | select | auto_sel | 0       |
|    add_ln77_fu_249_p2                                                      |     |        | add_ln77      | add    | fabric   | 0       |
|    add_ln75_fu_265_p2                                                      |     |        | add_ln75      | add    | fabric   | 0       |
|  + stream_matmul_Pipeline_VITIS_LOOP_83_8_VITIS_LOOP_84_9_VITIS_LOOP_87_10 | 5   |        |               |        |          |         |
|    icmp_ln83_fu_262_p2                                                     |     |        | icmp_ln83     | seteq  | auto     | 0       |
|    add_ln83_1_fu_268_p2                                                    |     |        | add_ln83_1    | add    | fabric   | 0       |
|    add_ln83_fu_283_p2                                                      |     |        | add_ln83      | add    | fabric   | 0       |
|    icmp_ln84_fu_289_p2                                                     |     |        | icmp_ln84     | seteq  | auto     | 0       |
|    select_ln52_fu_295_p3                                                   |     |        | select_ln52   | select | auto_sel | 0       |
|    select_ln52_1_fu_303_p3                                                 |     |        | select_ln52_1 | select | auto_sel | 0       |
|    xor_ln87_fu_319_p2                                                      |     |        | xor_ln87      | xor    | auto     | 0       |
|    or_ln52_fu_325_p2                                                       |     |        | or_ln52       | or     | auto     | 0       |
|    select_ln83_fu_331_p3                                                   |     |        | select_ln83   | select | auto_sel | 0       |
|    add_ln84_fu_343_p2                                                      |     |        | add_ln84      | add    | fabric   | 0       |
|    k_mid2_fu_349_p3                                                        |     |        | k_mid2        | select | auto_sel | 0       |
|    select_ln84_fu_386_p3                                                   |     |        | select_ln84   | select | auto_sel | 0       |
|    first_iter_3_fu_391_p2                                                  |     |        | first_iter_3  | seteq  | auto     | 0       |
|    add_ln85_fu_411_p2                                                      |     |        | add_ln85      | add    | fabric   | 0       |
|    add_ln89_fu_454_p2                                                      |     |        | add_ln89      | add    | fabric   | 0       |
|    fmul_32ns_32ns_32_4_max_dsp_1_U19                                       | 3   |        | mul           | fmul   | maxdsp   | 3       |
|    fadd_32ns_32ns_32_5_full_dsp_1_U18                                      | 2   |        | acc_2         | fadd   | fulldsp  | 4       |
|    fmul_32ns_32ns_32_4_max_dsp_1_U19                                       | 3   |        | mul_1         | fmul   | maxdsp   | 3       |
|    fadd_32ns_32ns_32_5_full_dsp_1_U18                                      | 2   |        | acc_3         | fadd   | fulldsp  | 4       |
|    fmul_32ns_32ns_32_4_max_dsp_1_U19                                       | 3   |        | mul_2         | fmul   | maxdsp   | 3       |
|    fadd_32ns_32ns_32_5_full_dsp_1_U18                                      | 2   |        | acc_4         | fadd   | fulldsp  | 4       |
|    fmul_32ns_32ns_32_4_max_dsp_1_U19                                       | 3   |        | mul_3         | fmul   | maxdsp   | 3       |
|    fadd_32ns_32ns_32_5_full_dsp_1_U18                                      | 2   |        | acc_5         | fadd   | fulldsp  | 4       |
|    add_ln87_fu_468_p2                                                      |     |        | add_ln87      | add    | fabric   | 0       |
|    add_ln84_1_fu_357_p2                                                    |     |        | add_ln84_1    | add    | fabric   | 0       |
|    select_ln84_1_fu_363_p3                                                 |     |        | select_ln84_1 | select | auto_sel | 0       |
+----------------------------------------------------------------------------+-----+--------+---------------+--------+----------+---------+


================================================================
== Storage Report
================================================================
+-------------------+--------------+-----------+------+------+--------+----------+------+---------+------------------+
| Name              | Usage        | Type      | BRAM | URAM | Pragma | Variable | Impl | Latency | Bitwidth, Depth, |
|                   |              |           |      |      |        |          |      |         | Banks            |
+-------------------+--------------+-----------+------+------+--------+----------+------+---------+------------------+
| + stream_matmul   |              |           | 9    | 0    |        |          |      |         |                  |
|   control_s_axi_U | interface    | s_axilite |      |      |        |          |      |         |                  |
|   A_U             | ram_1p array |           | 2    |      |        | A        | auto | 1       | 32, 64, 1        |
|   A_1_U           | ram_1p array |           | 2    |      |        | A_1      | auto | 1       | 32, 64, 1        |
|   A_2_U           | ram_1p array |           | 2    |      |        | A_2      | auto | 1       | 32, 64, 1        |
|   A_3_U           | ram_1p array |           | 2    |      |        | A_3      | auto | 1       | 32, 64, 1        |
|   B_U             | ram_1p array |           | 2    |      |        | B        | auto | 1       | 32, 64, 1        |
|   B_1_U           | ram_1p array |           | 2    |      |        | B_1      | auto | 1       | 32, 64, 1        |
|   B_2_U           | ram_1p array |           | 2    |      |        | B_2      | auto | 1       | 32, 64, 1        |
|   B_3_U           | ram_1p array |           | 2    |      |        | B_3      | auto | 1       | 32, 64, 1        |
|   C_U             | ram_1p array |           | 2    |      |        | C        | auto | 1       | 32, 256, 1       |
+-------------------+--------------+-----------+------+------+--------+----------+------+---------+------------------+


================================================================
== Pragma Report
================================================================
* Valid Pragma Syntax
+-----------------+--------------------------------------+------------------------------------------------------+
| Type            | Options                              | Location                                             |
+-----------------+--------------------------------------+------------------------------------------------------+
| INTERFACE       | axis port=in_stream                  | ../stream_matmul.cpp:41 in stream_matmul, in_stream  |
| INTERFACE       | axis port=out_stream                 | ../stream_matmul.cpp:42 in stream_matmul, out_stream |
| INTERFACE       | s_axilite port=return bundle=control | ../stream_matmul.cpp:43 in stream_matmul, return     |
| ARRAY_PARTITION | variable=A cyclic factor=4 dim=2     | ../stream_matmul.cpp:49 in stream_matmul, A          |
| ARRAY_PARTITION | variable=B cyclic factor=4 dim=1     | ../stream_matmul.cpp:50 in stream_matmul, B          |
| PIPELINE        | ii=1                                 | ../stream_matmul.cpp:57 in stream_matmul             |
| PIPELINE        | ii=1                                 | ../stream_matmul.cpp:68 in stream_matmul             |
| PIPELINE        | ii=1                                 | ../stream_matmul.cpp:76 in stream_matmul             |
| UNROLL          | factor=4                             | ../stream_matmul.cpp:88 in stream_matmul             |
| PIPELINE        | ii=1                                 | ../stream_matmul.cpp:100 in stream_matmul            |
+-----------------+--------------------------------------+------------------------------------------------------+


